2025-06-16 21:26:21,685 - INFO - Initialisation du logger pour l'utilisateur standard
2025-06-16 21:26:21,685 - INFO - Demarrage du programme de gestion SGF
2025-06-16 21:26:21,685 - INFO - Demarrage du menu Super Admin
2025-06-16 21:26:21,685 - INFO - Acces au menu general
2025-06-16 21:26:25,241 - INFO - Acces au menu FTP
2025-06-16 21:26:25,290 - INFO - Connexionn reussi avec l'FTP 127.0.0.1:21 en tant que admin
2025-06-16 21:26:53,508 - INFO - Error deleting file SyllabusDockerFinal.pdf: 550 Couldn't open the file
2025-06-16 21:27:53,448 - INFO - Deleted file: SyllabusDockerFinal on FTP.
2025-06-16 21:28:00,871 - INFO - Acces au menu general
2025-06-16 21:28:03,161 - INFO - Affichage des logs d'activité
2025-06-16 21:30:03,006 - INFO - Initialisation du logger pour l'utilisateur standard
2025-06-16 21:30:03,006 - INFO - Demarrage du programme de gestion SGF
2025-06-16 21:30:03,006 - INFO - Demarrage du menu Super Admin
2025-06-16 21:30:03,006 - INFO - Acces au menu general
2025-06-16 21:30:05,128 - INFO - Affichage des logs d'activite
2025-06-16 21:30:05,153 - INFO - Acces au menu general
2025-06-16 21:30:40,377 - INFO - Sortie du programme
2025-06-16 21:37:16,114 - INFO - Initialisation du logger pour l'utilisateur standard
2025-06-16 21:37:16,115 - INFO - Demarrage du programme de gestion SGF
2025-06-16 21:37:16,115 - INFO - Demarrage du menu Super Admin
2025-06-16 21:37:16,115 - INFO - Acces au menu general
2025-06-16 21:37:19,665 - INFO - Acces au menu des logs
2025-06-16 21:37:22,308 - INFO - Affichage des logs d'activité pour Grenoble
2025-06-16 21:37:30,942 - INFO - Retour au menu principal
2025-06-16 21:37:30,943 - INFO - Acces au menu general
2025-06-16 21:43:52,232 - INFO - Lancement du scan reseau
2025-06-16 21:43:54,267 - INFO - Acces au menu general
2025-06-16 21:43:56,731 - INFO - Acces au menu FTP
2025-06-16 21:44:07,295 - INFO - Initialisation du logger pour l'utilisateur standard
2025-06-16 21:44:07,295 - INFO - Demarrage du programme de gestion SGF
2025-06-16 21:44:07,295 - INFO - Demarrage du menu Super Admin
2025-06-16 21:44:07,295 - INFO - Acces au menu general
2025-06-16 21:44:09,836 - INFO - Acces au menu FTP
2025-06-16 21:44:09,895 - INFO - Connexionn reussi avec l'FTP 127.0.0.1:21 en tant que admin
2025-06-16 21:49:19,552 - INFO - Initialisation du logger pour l'utilisateur standard
2025-06-16 21:49:19,552 - INFO - Demarrage du programme de gestion SGF
2025-06-16 21:49:19,552 - INFO - Demarrage du menu Super Admin
2025-06-16 21:49:19,552 - INFO - Acces au menu general
2025-06-16 21:49:22,247 - INFO - Acces au menu FTP
2025-06-16 21:49:22,303 - INFO - Connexionn reussi avec l'FTP 127.0.0.1:21 en tant que admin
2025-06-16 21:50:31,587 - INFO - Initialisation du logger pour l'utilisateur standard
2025-06-16 21:50:31,587 - INFO - Demarrage du programme de gestion SGF
2025-06-16 21:50:31,587 - INFO - Demarrage du menu Super Admin
2025-06-16 21:50:31,587 - INFO - Acces au menu general
2025-06-16 21:50:31,935 - INFO - Demarrage du menu Super Admin
2025-06-16 21:50:31,935 - INFO - Acces au menu general
2025-06-16 21:50:35,284 - INFO - Acces au menu FTP
2025-06-16 21:50:35,339 - INFO - Connexionn reussi avec l'FTP 127.0.0.1:21 en tant que admin
2025-06-16 21:52:02,872 - INFO - Acces au menu general
2025-06-16 21:52:04,888 - INFO - Sortie du programme
2025-06-16 21:52:04,888 - INFO - Acces au menu general
2025-06-16 21:52:08,868 - INFO - Sortie du programme
